../Core/Src/main.c:181:5:main	8	static
../Core/Src/main.c:239:6:SystemClock_Config	96	static
../Core/Src/main.c:289:13:MX_SPI1_Init	8	static
../Core/Src/main.c:329:13:MX_TIM16_Init	8	static
../Core/Src/main.c:361:13:MX_GPIO_Init	48	static
../Core/Src/main.c:415:6:HAL_TIM_PeriodElapsedCallback	24	static
../Core/Src/main.c:445:6:SPI_write	16	static
../Core/Src/main.c:457:6:GLCD_data_write	16	static
../Core/Src/main.c:467:6:GLCD_command_write	16	static
../Core/Src/main.c:476:6:GLCD_init	8	static
../Core/Src/main.c:494:6:GLCD_setCursor	16	static
../Core/Src/main.c:500:6:GLCD_clear	16	static
../Core/Src/main.c:509:6:GLCD_putblock	24	static
../Core/Src/main.c:516:6:GLCD_writeNumberLeft	24	static
../Core/Src/main.c:534:6:GLCD_writeNumberRight	24	static
../Core/Src/main.c:552:6:StopLightState	16	static
../Core/Src/main.c:621:6:Error_Handler	4	static,ignoring_inline_asm
